/home/kanitha/acd_ws/install/acd_planner/lib/python3.10/site-packages/acd_planner/__init__.py
/home/kanitha/acd_ws/install/acd_planner/lib/python3.10/site-packages/acd_planner/adaptive_cell_decomposition.py
/home/kanitha/acd_ws/install/acd_planner/lib/python3.10/site-packages/acd_planner/acd_planner_node.py
/home/kanitha/acd_ws/install/acd_planner/lib/python3.10/site-packages/acd_planner/graph_search.py
/home/kanitha/acd_ws/install/acd_planner/lib/python3.10/site-packages/acd_planner/path_smoother.py
/home/kanitha/acd_ws/install/acd_planner/lib/python3.10/site-packages/acd_planner/cell.py
/home/kanitha/acd_ws/install/acd_planner/lib/python3.10/site-packages/acd_planner/__pycache__/__init__.cpython-310.pyc
/home/kanitha/acd_ws/install/acd_planner/lib/python3.10/site-packages/acd_planner/__pycache__/adaptive_cell_decomposition.cpython-310.pyc
/home/kanitha/acd_ws/install/acd_planner/lib/python3.10/site-packages/acd_planner/__pycache__/acd_planner_node.cpython-310.pyc
/home/kanitha/acd_ws/install/acd_planner/lib/python3.10/site-packages/acd_planner/__pycache__/graph_search.cpython-310.pyc
/home/kanitha/acd_ws/install/acd_planner/lib/python3.10/site-packages/acd_planner/__pycache__/path_smoother.cpython-310.pyc
/home/kanitha/acd_ws/install/acd_planner/lib/python3.10/site-packages/acd_planner/__pycache__/cell.cpython-310.pyc
/home/kanitha/acd_ws/install/acd_planner/share/ament_index/resource_index/packages/acd_planner
/home/kanitha/acd_ws/install/acd_planner/share/acd_planner/package.xml
/home/kanitha/acd_ws/install/acd_planner/share/acd_planner/launch/acd_planner.launch.py
/home/kanitha/acd_ws/install/acd_planner/lib/python3.10/site-packages/acd_planner-0.0.1-py3.10.egg-info/top_level.txt
/home/kanitha/acd_ws/install/acd_planner/lib/python3.10/site-packages/acd_planner-0.0.1-py3.10.egg-info/zip-safe
/home/kanitha/acd_ws/install/acd_planner/lib/python3.10/site-packages/acd_planner-0.0.1-py3.10.egg-info/requires.txt
/home/kanitha/acd_ws/install/acd_planner/lib/python3.10/site-packages/acd_planner-0.0.1-py3.10.egg-info/PKG-INFO
/home/kanitha/acd_ws/install/acd_planner/lib/python3.10/site-packages/acd_planner-0.0.1-py3.10.egg-info/dependency_links.txt
/home/kanitha/acd_ws/install/acd_planner/lib/python3.10/site-packages/acd_planner-0.0.1-py3.10.egg-info/entry_points.txt
/home/kanitha/acd_ws/install/acd_planner/lib/python3.10/site-packages/acd_planner-0.0.1-py3.10.egg-info/SOURCES.txt
/home/kanitha/acd_ws/install/acd_planner/lib/acd_planner/adaptive_cell_decomposition
