running egg_info
creating ../../build/acd_planner/acd_planner.egg-info
writing ../../build/acd_planner/acd_planner.egg-info/PKG-INFO
writing dependency_links to ../../build/acd_planner/acd_planner.egg-info/dependency_links.txt
writing entry points to ../../build/acd_planner/acd_planner.egg-info/entry_points.txt
writing requirements to ../../build/acd_planner/acd_planner.egg-info/requires.txt
writing top-level names to ../../build/acd_planner/acd_planner.egg-info/top_level.txt
writing manifest file '../../build/acd_planner/acd_planner.egg-info/SOURCES.txt'
reading manifest file '../../build/acd_planner/acd_planner.egg-info/SOURCES.txt'
writing manifest file '../../build/acd_planner/acd_planner.egg-info/SOURCES.txt'
running build
running build_py
creating /home/kanitha/acd_ws/build/acd_planner/build
creating /home/kanitha/acd_ws/build/acd_planner/build/lib
creating /home/kanitha/acd_ws/build/acd_planner/build/lib/acd_planner
copying acd_planner/__init__.py -> /home/kanitha/acd_ws/build/acd_planner/build/lib/acd_planner
copying acd_planner/adaptive_cell_decomposition.py -> /home/kanitha/acd_ws/build/acd_planner/build/lib/acd_planner
copying acd_planner/acd_planner_node.py -> /home/kanitha/acd_ws/build/acd_planner/build/lib/acd_planner
copying acd_planner/graph_search.py -> /home/kanitha/acd_ws/build/acd_planner/build/lib/acd_planner
copying acd_planner/path_smoother.py -> /home/kanitha/acd_ws/build/acd_planner/build/lib/acd_planner
copying acd_planner/cell.py -> /home/kanitha/acd_ws/build/acd_planner/build/lib/acd_planner
running install
running install_lib
creating /home/kanitha/acd_ws/install/acd_planner/lib/python3.10/site-packages/acd_planner
copying /home/kanitha/acd_ws/build/acd_planner/build/lib/acd_planner/__init__.py -> /home/kanitha/acd_ws/install/acd_planner/lib/python3.10/site-packages/acd_planner
copying /home/kanitha/acd_ws/build/acd_planner/build/lib/acd_planner/adaptive_cell_decomposition.py -> /home/kanitha/acd_ws/install/acd_planner/lib/python3.10/site-packages/acd_planner
copying /home/kanitha/acd_ws/build/acd_planner/build/lib/acd_planner/acd_planner_node.py -> /home/kanitha/acd_ws/install/acd_planner/lib/python3.10/site-packages/acd_planner
copying /home/kanitha/acd_ws/build/acd_planner/build/lib/acd_planner/graph_search.py -> /home/kanitha/acd_ws/install/acd_planner/lib/python3.10/site-packages/acd_planner
copying /home/kanitha/acd_ws/build/acd_planner/build/lib/acd_planner/path_smoother.py -> /home/kanitha/acd_ws/install/acd_planner/lib/python3.10/site-packages/acd_planner
copying /home/kanitha/acd_ws/build/acd_planner/build/lib/acd_planner/cell.py -> /home/kanitha/acd_ws/install/acd_planner/lib/python3.10/site-packages/acd_planner
byte-compiling /home/kanitha/acd_ws/install/acd_planner/lib/python3.10/site-packages/acd_planner/__init__.py to __init__.cpython-310.pyc
byte-compiling /home/kanitha/acd_ws/install/acd_planner/lib/python3.10/site-packages/acd_planner/adaptive_cell_decomposition.py to adaptive_cell_decomposition.cpython-310.pyc
byte-compiling /home/kanitha/acd_ws/install/acd_planner/lib/python3.10/site-packages/acd_planner/acd_planner_node.py to acd_planner_node.cpython-310.pyc
byte-compiling /home/kanitha/acd_ws/install/acd_planner/lib/python3.10/site-packages/acd_planner/graph_search.py to graph_search.cpython-310.pyc
byte-compiling /home/kanitha/acd_ws/install/acd_planner/lib/python3.10/site-packages/acd_planner/path_smoother.py to path_smoother.cpython-310.pyc
byte-compiling /home/kanitha/acd_ws/install/acd_planner/lib/python3.10/site-packages/acd_planner/cell.py to cell.cpython-310.pyc
running install_data
creating /home/kanitha/acd_ws/install/acd_planner/share/ament_index
creating /home/kanitha/acd_ws/install/acd_planner/share/ament_index/resource_index
creating /home/kanitha/acd_ws/install/acd_planner/share/ament_index/resource_index/packages
copying resource/acd_planner -> /home/kanitha/acd_ws/install/acd_planner/share/ament_index/resource_index/packages
copying package.xml -> /home/kanitha/acd_ws/install/acd_planner/share/acd_planner
creating /home/kanitha/acd_ws/install/acd_planner/share/acd_planner/launch
copying launch/acd_planner.launch.py -> /home/kanitha/acd_ws/install/acd_planner/share/acd_planner/launch
running install_egg_info
Copying ../../build/acd_planner/acd_planner.egg-info to /home/kanitha/acd_ws/install/acd_planner/lib/python3.10/site-packages/acd_planner-0.0.1-py3.10.egg-info
running install_scripts
Installing adaptive_cell_decomposition script to /home/kanitha/acd_ws/install/acd_planner/lib/acd_planner
writing list of installed files to '/home/kanitha/acd_ws/build/acd_planner/install.log'
