[0.608s] Invoking command in '/home/kanitha/acd_ws/src/acd_planner': PYTHONPATH=/home/kanitha/acd_ws/build/acd_planner/prefix_override:/usr/lib/python3/dist-packages/colcon_core/task/python/colcon_distutils_commands:/home/kanitha/acd_ws/install/acd_planner/lib/python3.10/site-packages:${PYTHONPATH} /usr/bin/python3 -W ignore:setup.py install is deprecated -W ignore:easy_install command is deprecated setup.py egg_info --egg-base ../../build/acd_planner build --build-base /home/kanitha/acd_ws/build/acd_planner/build install --record /home/kanitha/acd_ws/build/acd_planner/install.log --single-version-externally-managed install_data
[0.823s] running egg_info
[0.824s] creating ../../build/acd_planner/acd_planner.egg-info
[0.824s] writing ../../build/acd_planner/acd_planner.egg-info/PKG-INFO
[0.824s] writing dependency_links to ../../build/acd_planner/acd_planner.egg-info/dependency_links.txt
[0.824s] writing entry points to ../../build/acd_planner/acd_planner.egg-info/entry_points.txt
[0.824s] writing requirements to ../../build/acd_planner/acd_planner.egg-info/requires.txt
[0.824s] writing top-level names to ../../build/acd_planner/acd_planner.egg-info/top_level.txt
[0.824s] writing manifest file '../../build/acd_planner/acd_planner.egg-info/SOURCES.txt'
[0.826s] reading manifest file '../../build/acd_planner/acd_planner.egg-info/SOURCES.txt'
[0.827s] writing manifest file '../../build/acd_planner/acd_planner.egg-info/SOURCES.txt'
[0.827s] running build
[0.827s] running build_py
[0.828s] creating /home/kanitha/acd_ws/build/acd_planner/build
[0.828s] creating /home/kanitha/acd_ws/build/acd_planner/build/lib
[0.828s] creating /home/kanitha/acd_ws/build/acd_planner/build/lib/acd_planner
[0.828s] copying acd_planner/__init__.py -> /home/kanitha/acd_ws/build/acd_planner/build/lib/acd_planner
[0.828s] copying acd_planner/adaptive_cell_decomposition.py -> /home/kanitha/acd_ws/build/acd_planner/build/lib/acd_planner
[0.828s] copying acd_planner/acd_planner_node.py -> /home/kanitha/acd_ws/build/acd_planner/build/lib/acd_planner
[0.828s] copying acd_planner/graph_search.py -> /home/kanitha/acd_ws/build/acd_planner/build/lib/acd_planner
[0.828s] copying acd_planner/path_smoother.py -> /home/kanitha/acd_ws/build/acd_planner/build/lib/acd_planner
[0.828s] copying acd_planner/cell.py -> /home/kanitha/acd_ws/build/acd_planner/build/lib/acd_planner
[0.829s] running install
[0.829s] running install_lib
[0.831s] creating /home/kanitha/acd_ws/install/acd_planner/lib/python3.10/site-packages/acd_planner
[0.831s] copying /home/kanitha/acd_ws/build/acd_planner/build/lib/acd_planner/__init__.py -> /home/kanitha/acd_ws/install/acd_planner/lib/python3.10/site-packages/acd_planner
[0.831s] copying /home/kanitha/acd_ws/build/acd_planner/build/lib/acd_planner/adaptive_cell_decomposition.py -> /home/kanitha/acd_ws/install/acd_planner/lib/python3.10/site-packages/acd_planner
[0.831s] copying /home/kanitha/acd_ws/build/acd_planner/build/lib/acd_planner/acd_planner_node.py -> /home/kanitha/acd_ws/install/acd_planner/lib/python3.10/site-packages/acd_planner
[0.831s] copying /home/kanitha/acd_ws/build/acd_planner/build/lib/acd_planner/graph_search.py -> /home/kanitha/acd_ws/install/acd_planner/lib/python3.10/site-packages/acd_planner
[0.831s] copying /home/kanitha/acd_ws/build/acd_planner/build/lib/acd_planner/path_smoother.py -> /home/kanitha/acd_ws/install/acd_planner/lib/python3.10/site-packages/acd_planner
[0.831s] copying /home/kanitha/acd_ws/build/acd_planner/build/lib/acd_planner/cell.py -> /home/kanitha/acd_ws/install/acd_planner/lib/python3.10/site-packages/acd_planner
[0.832s] byte-compiling /home/kanitha/acd_ws/install/acd_planner/lib/python3.10/site-packages/acd_planner/__init__.py to __init__.cpython-310.pyc
[0.832s] byte-compiling /home/kanitha/acd_ws/install/acd_planner/lib/python3.10/site-packages/acd_planner/adaptive_cell_decomposition.py to adaptive_cell_decomposition.cpython-310.pyc
[0.833s] byte-compiling /home/kanitha/acd_ws/install/acd_planner/lib/python3.10/site-packages/acd_planner/acd_planner_node.py to acd_planner_node.cpython-310.pyc
[0.833s] byte-compiling /home/kanitha/acd_ws/install/acd_planner/lib/python3.10/site-packages/acd_planner/graph_search.py to graph_search.cpython-310.pyc
[0.834s] byte-compiling /home/kanitha/acd_ws/install/acd_planner/lib/python3.10/site-packages/acd_planner/path_smoother.py to path_smoother.cpython-310.pyc
[0.834s] byte-compiling /home/kanitha/acd_ws/install/acd_planner/lib/python3.10/site-packages/acd_planner/cell.py to cell.cpython-310.pyc
[0.834s] running install_data
[0.834s] creating /home/kanitha/acd_ws/install/acd_planner/share/ament_index
[0.834s] creating /home/kanitha/acd_ws/install/acd_planner/share/ament_index/resource_index
[0.834s] creating /home/kanitha/acd_ws/install/acd_planner/share/ament_index/resource_index/packages
[0.834s] copying resource/acd_planner -> /home/kanitha/acd_ws/install/acd_planner/share/ament_index/resource_index/packages
[0.835s] copying package.xml -> /home/kanitha/acd_ws/install/acd_planner/share/acd_planner
[0.835s] creating /home/kanitha/acd_ws/install/acd_planner/share/acd_planner/launch
[0.835s] copying launch/acd_planner.launch.py -> /home/kanitha/acd_ws/install/acd_planner/share/acd_planner/launch
[0.835s] running install_egg_info
[0.836s] Copying ../../build/acd_planner/acd_planner.egg-info to /home/kanitha/acd_ws/install/acd_planner/lib/python3.10/site-packages/acd_planner-0.0.1-py3.10.egg-info
[0.837s] running install_scripts
[0.857s] Installing adaptive_cell_decomposition script to /home/kanitha/acd_ws/install/acd_planner/lib/acd_planner
[0.857s] writing list of installed files to '/home/kanitha/acd_ws/build/acd_planner/install.log'
[0.886s] Invoked command in '/home/kanitha/acd_ws/src/acd_planner' returned '0': PYTHONPATH=/home/kanitha/acd_ws/build/acd_planner/prefix_override:/usr/lib/python3/dist-packages/colcon_core/task/python/colcon_distutils_commands:/home/kanitha/acd_ws/install/acd_planner/lib/python3.10/site-packages:${PYTHONPATH} /usr/bin/python3 -W ignore:setup.py install is deprecated -W ignore:easy_install command is deprecated setup.py egg_info --egg-base ../../build/acd_planner build --build-base /home/kanitha/acd_ws/build/acd_planner/build install --record /home/kanitha/acd_ws/build/acd_planner/install.log --single-version-externally-managed install_data
